17:43:46.672 [main] INFO  org.testng.internal.Utils - [TestNG] Running:
  C:\Users\Harshana Perera\AppData\Local\JetBrains\IdeaIC2022.2\temp-testng-customsuite.xml

18:02:52.588 [main] INFO  org.testng.internal.Utils - [TestNG] Running:
  C:\Users\Harshana Perera\AppData\Local\JetBrains\IdeaIC2022.2\temp-testng-customsuite.xml

19:02:15.285 [main] INFO  org.testng.internal.Utils - [TestNG] Running:
  C:\Users\Harshana Perera\AppData\Local\JetBrains\IdeaIC2022.2\temp-testng-customsuite.xml

19:05:04.328 [main] INFO  org.testng.internal.Utils - [TestNG] Running:
  C:\Users\Harshana Perera\AppData\Local\JetBrains\IdeaIC2022.2\temp-testng-customsuite.xml

19:31:01.200 [main] INFO  org.testng.internal.Utils - [TestNG] Running:
  C:\Users\Harshana Perera\AppData\Local\JetBrains\IdeaIC2022.2\temp-testng-customsuite.xml

19:35:57.223 [main] INFO  org.testng.internal.Utils - [TestNG] Running:
  C:\Users\Harshana Perera\AppData\Local\JetBrains\IdeaIC2022.2\temp-testng-customsuite.xml

19:38:24.770 [main] INFO  org.testng.internal.Utils - [TestNG] Running:
  C:\Users\Harshana Perera\AppData\Local\JetBrains\IdeaIC2022.2\temp-testng-customsuite.xml

19:41:08.402 [main] INFO  org.testng.internal.Utils - [TestNG] Running:
  C:\Users\Harshana Perera\AppData\Local\JetBrains\IdeaIC2022.2\temp-testng-customsuite.xml

20:52:44.232 [main] INFO  org.testng.internal.Utils - [TestNG] Running:
  C:\Users\Harshana Perera\AppData\Local\JetBrains\IdeaIC2022.2\temp-testng-customsuite.xml

21:16:32.228 [main] INFO  org.testng.internal.Utils - [TestNG] Running:
  C:\Users\Harshana Perera\AppData\Local\JetBrains\IdeaIC2022.2\temp-testng-customsuite.xml

21:17:31.317 [main] INFO  org.testng.internal.Utils - [TestNG] Running:
  C:\Users\Harshana Perera\AppData\Local\JetBrains\IdeaIC2022.2\temp-testng-customsuite.xml

21:17:52.759 [main] INFO  org.testng.internal.Utils - [TestNG] Running:
  C:\Users\Harshana Perera\AppData\Local\JetBrains\IdeaIC2022.2\temp-testng-customsuite.xml

21:32:48.184 [main] INFO  org.testng.internal.Utils - [TestNG] Running:
  C:\Users\Harshana Perera\AppData\Local\JetBrains\IdeaIC2022.2\temp-testng-customsuite.xml

21:36:38.021 [main] INFO  org.testng.internal.Utils - [TestNG] Running:
  C:\Users\Harshana Perera\AppData\Local\JetBrains\IdeaIC2022.2\temp-testng-customsuite.xml

21:37:39.944 [main] INFO  org.testng.internal.Utils - [TestNG] Running:
  C:\Users\Harshana Perera\AppData\Local\JetBrains\IdeaIC2022.2\temp-testng-customsuite.xml

21:40:22.113 [main] INFO  org.testng.internal.Utils - [TestNG] Running:
  C:\Users\Harshana Perera\AppData\Local\JetBrains\IdeaIC2022.2\temp-testng-customsuite.xml

21:43:58.854 [main] INFO  org.testng.internal.Utils - [TestNG] Running:
  C:\Users\Harshana Perera\AppData\Local\JetBrains\IdeaIC2022.2\temp-testng-customsuite.xml

22:02:56.945 [main] INFO  org.testng.internal.Utils - [TestNG] Running:
  C:\Users\Harshana Perera\AppData\Local\JetBrains\IdeaIC2022.2\temp-testng-customsuite.xml

22:10:30.617 [main] INFO  org.testng.internal.Utils - [TestNG] Running:
  C:\Users\Harshana Perera\AppData\Local\JetBrains\IdeaIC2022.2\temp-testng-customsuite.xml

22:14:02.879 [main] INFO  org.testng.internal.Utils - [TestNG] Running:
  C:\Users\Harshana Perera\AppData\Local\JetBrains\IdeaIC2022.2\temp-testng-customsuite.xml

22:15:21.077 [main] INFO  org.testng.internal.Utils - [TestNG] Running:
  C:\Users\Harshana Perera\AppData\Local\JetBrains\IdeaIC2022.2\temp-testng-customsuite.xml

22:15:25.406 [main] INFO  testCases.TC01_ValidateCntctPgeErrrorMsgs - *** Starting validateErrorMessages ***
22:15:25.910 [main] INFO  testCases.TC01_ValidateCntctPgeErrrorMsgs - *** Finishing validateErrorMessages ***
22:15:26.581 [main] INFO  testCases.TC01_ValidateCntctPgeErrrorMsgs - *** Starting validateNoErrorsWithValidInput ***
22:16:07.363 [main] INFO  testCases.TC01_ValidateCntctPgeErrrorMsgs - *** Finishing validateNoErrorsWithValidInput ***
22:35:06.964 [main] INFO  org.testng.internal.Utils - [TestNG] Running:
  C:\Users\Harshana Perera\AppData\Local\JetBrains\IdeaIC2022.2\temp-testng-customsuite.xml

22:54:27.220 [main] INFO  org.testng.internal.Utils - [TestNG] Running:
  D:\PlanitAssesment\PlanitAssesment\src\test\java\utilities\master.xml

22:57:34.594 [main] INFO  org.testng.internal.Utils - [TestNG] Running:
  D:\PlanitAssesment\PlanitAssesment\src\test\java\utilities\master.xml

22:57:43.480 [main] INFO  testCases.TC01_ValidateCntctPgeErrrorMsgs - *** Starting validateErrorMessages ***
22:57:44.097 [main] INFO  testCases.TC01_ValidateCntctPgeErrrorMsgs - *** Finishing validateErrorMessages ***
22:57:44.897 [main] INFO  testCases.TC01_ValidateCntctPgeErrrorMsgs - *** Starting validateNoErrorsWithValidInput ***
22:58:25.941 [main] INFO  testCases.TC01_ValidateCntctPgeErrrorMsgs - *** Finishing validateNoErrorsWithValidInput ***
23:30:27.096 [main] INFO  org.testng.internal.Utils - [TestNG] Running:
  C:\Users\Harshana Perera\AppData\Local\JetBrains\IdeaIC2022.2\temp-testng-customsuite.xml

